// Jest Snapshot v1, https://goo.gl/fbAQLP

exports[`Link Component Test changes the class when hovered 1`] = `
<a
  className="normal"
  href="https://www.facebook.com"
  onMouseEnter={[Function]}
  onMouseLeave={[Function]}
>
  Facebook
</a>
`;

exports[`Link Component Test changes the class when hovered 2`] = `true`;

exports[`Link Component Test changes the class when hovered 3`] = `true`;
